> Task :app:preBuild UP-TO-DATE
> Task :app:preDebugBuild UP-TO-DATE
> Task :app:mergeDebugNativeDebugMetadata NO-SOURCE
> Task :app:javaPreCompileDebug UP-TO-DATE
> Task :app:checkDebugAarMetadata UP-TO-DATE
> Task :app:generateDebugResValues UP-TO-DATE
> Task :app:processDebugGoogleServices UP-TO-DATE
> Task :app:mapDebugSourceSetPaths UP-TO-DATE
> Task :app:generateDebugResources UP-TO-DATE
> Task :app:mergeDebugResources UP-TO-DATE
> Task :app:packageDebugResources UP-TO-DATE
> Task :app:parseDebugLocalResources UP-TO-DATE
> Task :app:createDebugCompatibleScreenManifests UP-TO-DATE
> Task :app:extractDeepLinksDebug UP-TO-DATE
> Task :app:processDebugMainManifest UP-TO-DATE
> Task :app:processDebugManifest UP-TO-DATE
> Task :app:processDebugManifestForPackage UP-TO-DATE
> Task :app:processDebugResources UP-TO-DATE
> Task :app:compileDebugJavaWithJavac UP-TO-DATE
> Task :app:mergeDebugShaders UP-TO-DATE
> Task :app:compileDebugShaders NO-SOURCE
> Task :app:generateDebugAssets UP-TO-DATE
> Task :app:mergeDebugAssets UP-TO-DATE
> Task :app:compressDebugAssets UP-TO-DATE
> Task :app:processDebugJavaRes NO-SOURCE
> Task :app:mergeDebugJavaResource UP-TO-DATE
> Task :app:desugarDebugFileDependencies UP-TO-DATE
> Task :app:dexBuilderDebug UP-TO-DATE
> Task :app:mergeDebugJniLibFolders UP-TO-DATE
> Task :app:mergeDebugNativeLibs NO-SOURCE
> Task :app:stripDebugDebugSymbols NO-SOURCE
> Task :app:validateSigningDebug UP-TO-DATE
> Task :app:writeDebugAppMetadata UP-TO-DATE
> Task :app:writeDebugSigningConfigVersions UP-TO-DATE
> Task :app:checkDebugDuplicateClasses FAILED
./gradlew : 
At line:1 char:1
+ ./gradlew 
assembleDebug > 
build_output.txt 2>&1
+ ~~~~~~~~~~~~~~~~~~~~
~~~~~~~~~~~~~~~~~~~~~~
~~~~~
    + CategoryInfo    
          : NotSpeci  
  fied: (:String) [   
 ], RemoteExceptio    
n
    + FullyQualifiedE 
   rrorId : NativeCo  
  mmandError
 
FAILURE: Build failed 
with an exception.

* What went wrong:
Execution failed for 
task ':app:checkDebugD
uplicateClasses'.
> A failure occurred 
while executing com.an
droid.build.gradle.int
ernal.tasks.CheckDupli
catesRunnable
   > Duplicate class k
otlin.collections.jdk8
.CollectionsJDK8Kt 
found in modules kotli
n-stdlib-1.8.10.jar 
-> jetified-kotlin-std
lib-1.8.10 (org.jetbra
ins.kotlin:kotlin-stdl
ib:1.8.10) and kotlin-
stdlib-jdk8-1.6.0.jar 
-> jetified-kotlin-std
lib-jdk8-1.6.0 (org.je
tbrains.kotlin:kotlin-
stdlib-jdk8:1.6.0)
     Duplicate class k
otlin.internal.jdk7.JD
K7PlatformImplementati
ons found in modules k
otlin-stdlib-1.8.10.ja
r -> jetified-kotlin-s
tdlib-1.8.10 (org.jetb
rains.kotlin:kotlin-st
dlib:1.8.10) and kotli
n-stdlib-jdk7-1.6.0.ja
r -> jetified-kotlin-s
tdlib-jdk7-1.6.0 (org.
jetbrains.kotlin:kotli
n-stdlib-jdk7:1.6.0)
     Duplicate class k
otlin.internal.jdk8.JD
K8PlatformImplementati
ons found in modules k
otlin-stdlib-1.8.10.ja
r -> jetified-kotlin-s
tdlib-1.8.10 (org.jetb
rains.kotlin:kotlin-st
dlib:1.8.10) and kotli
n-stdlib-jdk8-1.6.0.ja
r -> jetified-kotlin-s
tdlib-jdk8-1.6.0 (org.
jetbrains.kotlin:kotli
n-stdlib-jdk8:1.6.0)
     Duplicate class k
otlin.io.path.Experime
ntalPathApi found in 
modules kotlin-stdlib-
1.8.10.jar -> jetified
-kotlin-stdlib-1.8.10 
(org.jetbrains.kotlin:
kotlin-stdlib:1.8.10) 
and kotlin-stdlib-jdk7
-1.6.0.jar -> jetified
-kotlin-stdlib-jdk7-1.
6.0 (org.jetbrains.kot
lin:kotlin-stdlib-jdk7
:1.6.0)
     Duplicate class k
otlin.io.path.PathRela
tivizer found in 
modules kotlin-stdlib-
1.8.10.jar -> jetified
-kotlin-stdlib-1.8.10 
(org.jetbrains.kotlin:
kotlin-stdlib:1.8.10) 
and kotlin-stdlib-jdk7
-1.6.0.jar -> jetified
-kotlin-stdlib-jdk7-1.
6.0 (org.jetbrains.kot
lin:kotlin-stdlib-jdk7
:1.6.0)
     Duplicate class k
otlin.io.path.PathsKt 
found in modules kotli
n-stdlib-1.8.10.jar 
-> jetified-kotlin-std
lib-1.8.10 (org.jetbra
ins.kotlin:kotlin-stdl
ib:1.8.10) and kotlin-
stdlib-jdk7-1.6.0.jar 
-> jetified-kotlin-std
lib-jdk7-1.6.0 (org.je
tbrains.kotlin:kotlin-
stdlib-jdk7:1.6.0)
     Duplicate class k
otlin.io.path.PathsKt_
_PathReadWriteKt 
found in modules kotli
n-stdlib-1.8.10.jar 
-> jetified-kotlin-std
lib-1.8.10 (org.jetbra
ins.kotlin:kotlin-stdl
ib:1.8.10) and kotlin-
stdlib-jdk7-1.6.0.jar 
-> jetified-kotlin-std
lib-jdk7-1.6.0 (org.je
tbrains.kotlin:kotlin-
stdlib-jdk7:1.6.0)
     Duplicate class k
otlin.io.path.PathsKt_
_PathUtilsKt found in 
modules kotlin-stdlib-
1.8.10.jar -> jetified
-kotlin-stdlib-1.8.10 
(org.jetbrains.kotlin:
kotlin-stdlib:1.8.10) 
and kotlin-stdlib-jdk7
-1.6.0.jar -> jetified
-kotlin-stdlib-jdk7-1.
6.0 (org.jetbrains.kot
lin:kotlin-stdlib-jdk7
:1.6.0)
     Duplicate class k
otlin.jdk7.AutoCloseab
leKt found in modules 
kotlin-stdlib-1.8.10.j
ar -> jetified-kotlin-
stdlib-1.8.10 (org.jet
brains.kotlin:kotlin-s
tdlib:1.8.10) and kotl
in-stdlib-jdk7-1.6.0.j
ar -> jetified-kotlin-
stdlib-jdk7-1.6.0 (org
.jetbrains.kotlin:kotl
in-stdlib-jdk7:1.6.0)
     Duplicate class k
otlin.jvm.jdk8.JvmRepe
atableKt found in 
modules kotlin-stdlib-
1.8.10.jar -> jetified
-kotlin-stdlib-1.8.10 
(org.jetbrains.kotlin:
kotlin-stdlib:1.8.10) 
and kotlin-stdlib-jdk8
-1.6.0.jar -> jetified
-kotlin-stdlib-jdk8-1.
6.0 (org.jetbrains.kot
lin:kotlin-stdlib-jdk8
:1.6.0)
     Duplicate class k
otlin.random.jdk8.Plat
formThreadLocalRandom 
found in modules kotli
n-stdlib-1.8.10.jar 
-> jetified-kotlin-std
lib-1.8.10 (org.jetbra
ins.kotlin:kotlin-stdl
ib:1.8.10) and kotlin-
stdlib-jdk8-1.6.0.jar 
-> jetified-kotlin-std
lib-jdk8-1.6.0 (org.je
tbrains.kotlin:kotlin-
stdlib-jdk8:1.6.0)
     Duplicate class k
otlin.streams.jdk8.Str
eamsKt found in 
modules kotlin-stdlib-
1.8.10.jar -> jetified
-kotlin-stdlib-1.8.10 
(org.jetbrains.kotlin:
kotlin-stdlib:1.8.10) 
and kotlin-stdlib-jdk8
-1.6.0.jar -> jetified
-kotlin-stdlib-jdk8-1.
6.0 (org.jetbrains.kot
lin:kotlin-stdlib-jdk8
:1.6.0)
     Duplicate class k
otlin.streams.jdk8.Str
eamsKt$asSequence$$inl
ined$Sequence$1 found 
in modules kotlin-stdl
ib-1.8.10.jar -> jetif
ied-kotlin-stdlib-1.8.
10 (org.jetbrains.kotl
in:kotlin-stdlib:1.8.1
0) and kotlin-stdlib-j
dk8-1.6.0.jar -> jetif
ied-kotlin-stdlib-jdk8
-1.6.0 (org.jetbrains.
kotlin:kotlin-stdlib-j
dk8:1.6.0)
     Duplicate class k
otlin.streams.jdk8.Str
eamsKt$asSequence$$inl
ined$Sequence$2 found 
in modules kotlin-stdl
ib-1.8.10.jar -> jetif
ied-kotlin-stdlib-1.8.
10 (org.jetbrains.kotl
in:kotlin-stdlib:1.8.1
0) and kotlin-stdlib-j
dk8-1.6.0.jar -> jetif
ied-kotlin-stdlib-jdk8
-1.6.0 (org.jetbrains.
kotlin:kotlin-stdlib-j
dk8:1.6.0)
     Duplicate class k
otlin.streams.jdk8.Str
eamsKt$asSequence$$inl
ined$Sequence$3 found 
in modules kotlin-stdl
ib-1.8.10.jar -> jetif
ied-kotlin-stdlib-1.8.
10 (org.jetbrains.kotl
in:kotlin-stdlib:1.8.1
0) and kotlin-stdlib-j
dk8-1.6.0.jar -> jetif
ied-kotlin-stdlib-jdk8
-1.6.0 (org.jetbrains.
kotlin:kotlin-stdlib-j
dk8:1.6.0)
     Duplicate class k
otlin.streams.jdk8.Str
eamsKt$asSequence$$inl
ined$Sequence$4 found 
in modules kotlin-stdl
ib-1.8.10.jar -> jetif
ied-kotlin-stdlib-1.8.
10 (org.jetbrains.kotl
in:kotlin-stdlib:1.8.1
0) and kotlin-stdlib-j
dk8-1.6.0.jar -> jetif
ied-kotlin-stdlib-jdk8
-1.6.0 (org.jetbrains.
kotlin:kotlin-stdlib-j
dk8:1.6.0)
     Duplicate class k
otlin.text.jdk8.RegexE
xtensionsJDK8Kt found 
in modules kotlin-stdl
ib-1.8.10.jar -> jetif
ied-kotlin-stdlib-1.8.
10 (org.jetbrains.kotl
in:kotlin-stdlib:1.8.1
0) and kotlin-stdlib-j
dk8-1.6.0.jar -> jetif
ied-kotlin-stdlib-jdk8
-1.6.0 (org.jetbrains.
kotlin:kotlin-stdlib-j
dk8:1.6.0)
     Duplicate class k
otlin.time.jdk8.Durati
onConversionsJDK8Kt 
found in modules kotli
n-stdlib-1.8.10.jar 
-> jetified-kotlin-std
lib-1.8.10 (org.jetbra
ins.kotlin:kotlin-stdl
ib:1.8.10) and kotlin-
stdlib-jdk8-1.6.0.jar 
-> jetified-kotlin-std
lib-jdk8-1.6.0 (org.je
tbrains.kotlin:kotlin-
stdlib-jdk8:1.6.0)
     
     Go to the 
documentation to 
learn how to <a href="
d.android.com/r/tools/
classpath-sync-errors"
>Fix dependency 
resolution errors</a>.

* Try:
> Run with 
--stacktrace option 
to get the stack 
trace.
> Run with --info or 
--debug option to get 
more log output.
> Run with --scan to 
get full insights.
> Get more help at htt
ps://help.gradle.org.

BUILD FAILED in 2s
26 actionable tasks: 1 executed, 25 up-to-date
